2025-06-28 16:27:05,586 - ERROR - Connection failed: [Errno 2] could not open port /dev/ttyUSB0: [Errno 2] No such file or directory: '/dev/ttyUSB0'
2025-06-28 16:27:48,480 - ERROR - Connection failed: [Errno 2] could not open port /dev/ttyUSB0: [Errno 2] No such file or directory: '/dev/ttyUSB0'
2025-06-28 16:28:16,056 - ERROR - Connection failed: [Errno 2] could not open port /dev/ttyUSB0: [Errno 2] No such file or directory: '/dev/ttyUSB0'
2025-06-28 16:29:40,611 - INFO - Connected to ZP07 on /dev/ttyS0 at 9600 baud
2025-06-28 16:29:42,613 - INFO - Testing ZP07 communication...
2025-06-28 16:29:42,617 - INFO - Sending test command 1: ff0178410000000046
2025-06-28 16:29:43,119 - WARNING - No data received
2025-06-28 16:29:43,119 - WARNING - No response to command 1
2025-06-28 16:29:44,121 - INFO - Sending test command 2: ff0186000000000079
2025-06-28 16:29:44,622 - WARNING - No data received
2025-06-28 16:29:44,622 - WARNING - No response to command 2
2025-06-28 16:29:45,624 - INFO - Disconnected from ZP07
2025-06-28 16:29:49,812 - INFO - Connected to ZP07 on /dev/ttyS0 at 9600 baud
2025-06-28 16:29:51,815 - INFO - Testing ZP07 communication...
2025-06-28 16:29:51,816 - INFO - Sending test command 1: ff0178410000000046
2025-06-28 16:29:52,317 - WARNING - No data received
2025-06-28 16:29:52,318 - WARNING - No response to command 1
2025-06-28 16:29:53,319 - INFO - Sending test command 2: ff0186000000000079
2025-06-28 16:29:53,820 - WARNING - No data received
2025-06-28 16:29:53,820 - WARNING - No response to command 2
2025-06-28 16:29:54,822 - INFO - Disconnected from ZP07
2025-06-28 16:30:22,400 - INFO - Connected to ZP07 on /dev/ttyS0 at 9600 baud
2025-06-28 16:30:24,402 - INFO - Testing ZP07 communication...
2025-06-28 16:30:24,403 - INFO - Sending test command 1: ff0178410000000046
2025-06-28 16:30:24,906 - WARNING - No data received
2025-06-28 16:30:24,906 - WARNING - No response to command 1
2025-06-28 16:30:25,907 - INFO - Sending test command 2: ff0186000000000079
2025-06-28 16:30:26,409 - WARNING - No data received
2025-06-28 16:30:26,409 - WARNING - No response to command 2
2025-06-28 16:30:27,411 - INFO - Disconnected from ZP07
2025-06-28 16:37:37,920 - INFO - Connected to ZP07 on /dev/ttyS0 at 9600 baud
2025-06-28 16:37:39,923 - INFO - Testing ZP07 communication...
2025-06-28 16:37:39,923 - INFO - Sending test command 1: ff0178410000000046
2025-06-28 16:37:40,424 - WARNING - No data received
2025-06-28 16:37:40,425 - WARNING - No response to command 1
2025-06-28 16:37:41,426 - INFO - Sending test command 2: ff0186000000000079
2025-06-28 16:37:41,927 - WARNING - No data received
2025-06-28 16:37:41,928 - WARNING - No response to command 2
2025-06-28 16:37:42,930 - INFO - Disconnected from ZP07
2025-06-28 16:37:45,880 - INFO - Connected to ZP07 on /dev/ttyS0 at 9600 baud
2025-06-28 16:37:47,883 - INFO - Testing ZP07 communication...
2025-06-28 16:37:47,884 - INFO - Sending test command 1: ff0178410000000046
2025-06-28 16:37:48,385 - WARNING - No data received
2025-06-28 16:37:48,385 - WARNING - No response to command 1
2025-06-28 16:37:49,387 - INFO - Sending test command 2: ff0186000000000079
2025-06-28 16:37:49,888 - WARNING - No data received
2025-06-28 16:37:49,888 - WARNING - No response to command 2
2025-06-28 16:37:50,890 - INFO - Disconnected from ZP07
2025-06-28 16:41:02,376 - INFO - Connected to ZP07 on /dev/ttyS0 at 9600 baud
2025-06-28 16:41:04,378 - INFO - Testing ZP07 communication...
2025-06-28 16:41:04,379 - INFO - Sending test command 1: ff0178410000000046
2025-06-28 16:41:04,880 - WARNING - No data received
2025-06-28 16:41:04,881 - WARNING - No response to command 1
2025-06-28 16:41:05,882 - INFO - Sending test command 2: ff0186000000000079
2025-06-28 16:41:06,383 - WARNING - No data received
2025-06-28 16:41:06,384 - WARNING - No response to command 2
2025-06-28 16:41:07,385 - INFO - Disconnected from ZP07
2025-06-28 16:41:21,107 - INFO - Connected to ZP07 on /dev/ttyS0 at 9600 baud
2025-06-28 16:41:23,110 - INFO - Testing ZP07 communication...
2025-06-28 16:41:23,110 - INFO - Sending test command 1: ff0178410000000046
2025-06-28 16:41:23,612 - WARNING - No data received
2025-06-28 16:41:23,612 - WARNING - No response to command 1
2025-06-28 16:41:24,613 - INFO - Sending test command 2: ff0186000000000079
2025-06-28 16:41:25,114 - WARNING - No data received
2025-06-28 16:41:25,115 - WARNING - No response to command 2
2025-06-28 16:41:26,116 - INFO - Disconnected from ZP07
2025-06-28 16:41:37,200 - INFO - Connected to ZP07 on /dev/ttyS0 at 9600 baud
2025-06-28 16:41:39,203 - INFO - Testing ZP07 communication...
2025-06-28 16:41:39,203 - INFO - Sending test command 1: ff0178410000000046
2025-06-28 16:41:39,709 - WARNING - No data received
2025-06-28 16:41:39,710 - WARNING - No response to command 1
2025-06-28 16:41:40,711 - INFO - Sending test command 2: ff0186000000000079
2025-06-28 16:41:41,212 - WARNING - No data received
2025-06-28 16:41:41,213 - WARNING - No response to command 2
2025-06-28 16:41:42,214 - INFO - Disconnected from ZP07
